interactions:
- request:
    body: null
    headers:
      Accept:
      - '*/*'
      Accept-Encoding:
      - gzip, deflate
      Connection:
      - keep-alive
      Content-Type:
      - application/json
      User-Agent:
      - python-requests/2.31.0
    method: GET
    uri: http://localhost:8080/qmatic/calendar-backend/public/api/v1/branches
  response:
    body:
      string: '{"branchList":[{"addressCountry":null,"addressZip":"2264 BM","created":1445417803528,"latitude":52.085235412737326,"custom":null,"timeZone":"Europe/Amsterdam","addressState":null,"phone":"14
        070","name":"KCC","addressLine1":"Kon. Wilhelminalaan 2","addressLine2":null,"fullTimeZone":"Europe/Amsterdam","updated":1534410592257,"publicId":"f19fa2030bd653d429c42772209ba60cdcb60c5f1fa18a95c4d72b250a1c5f58","branchPrefix":null,"email":"info@leidschendam-voorburg.nl","addressCity":"Leidschendam","longitude":4.393964889317601},{"addressCountry":null,"addressZip":null,"created":1477595905244,"latitude":null,"custom":null,"timeZone":"Europe/Amsterdam","addressState":null,"phone":null,"name":"Receptie","addressLine1":"Receptie","addressLine2":null,"fullTimeZone":"Europe/Amsterdam","updated":1477595905306,"publicId":"3c82d69fa404728006a8386aff26ff05d81e66268e889569cc3749ace37dd1ca","branchPrefix":null,"email":null,"addressCity":"Leidschendam","longitude":null},{"addressCountry":"Leidschendam","addressZip":"2264
        BM","created":1476260692424,"latitude":null,"custom":null,"timeZone":"Europe/Amsterdam","addressState":null,"phone":null,"name":"WIJZ","addressLine1":"Werk
        en Inkomen","addressLine2":"Kon. Wilhelminalaan 2","fullTimeZone":"Europe/Amsterdam","updated":1691155914780,"publicId":"008c70c7bb0ee0154777a09832997e8cc4476d2c8ebeea88701d524a3faf8f77","branchPrefix":null,"email":null,"addressCity":"Leidschendam","longitude":null}],"meta":{"start":"","end":"","totalResults":3,"offset":null,"limit":null,"fields":"","arguments":{}},"notifications":[]}'
    headers:
      Access-Control-Expose-Headers:
      - error_code, error_message
      Cache-Control:
      - no-store, no-cache, max-age=0, must-revalidate
      - no-cache
      Connection:
      - keep-alive
      Content-Encoding:
      - gzip
      Content-Length:
      - '614'
      Content-Security-Policy:
      - 'default-src *; style-src * ''unsafe-inline''; script-src * ''unsafe-inline''
        ''unsafe-eval''; img-src * data: ''unsafe-inline''; connect-src * ''unsafe-inline'';
        frame-src *;'
      Content-Type:
      - application/json
      Date:
      - Wed, 04 Oct 2023 09:41:03 GMT
      Keep-Alive:
      - timeout=60
      Server:
      - Layer7-API-Gateway
      Strict-Transport-Security:
      - max-age=31536000; includeSubDomains
      X-Content-Type-Options:
      - nosniff
      X-Frame-Options:
      - SAMEORIGIN
      X-XSS-Protection:
      - 1; mode=block
    status:
      code: 200
      message: ''
- request:
    body: null
    headers:
      Accept:
      - '*/*'
      Accept-Encoding:
      - gzip, deflate
      Connection:
      - keep-alive
      Content-Type:
      - application/json
      User-Agent:
      - python-requests/2.31.0
    method: GET
    uri: http://localhost:8080/qmatic/calendar-backend/public/api/v1/branches/f19fa2030bd653d429c42772209ba60cdcb60c5f1fa18a95c4d72b250a1c5f58/services
  response:
    body:
      string: '{"meta":{"start":"","end":"","totalResults":18,"offset":null,"limit":null,"fields":"","arguments":{}},"serviceList":[{"duration":20,"publicEnabled":true,"additionalCustomerDuration":10,"created":1448449772835,"custom":"{\"rescheduleEnabled\":true,\"cancelEnabled\":true,\"emails\":\"\",\"hisId\":\"\",\"notesFieldEnabled\":false,\"infoText\":\"\",\"servicenametranslations\":[]}","name":"Achternaam
        kind kiezen","active":true,"updated":1688460228939,"publicId":"Achternaam_kind_kiezen"},{"duration":5,"publicEnabled":true,"additionalCustomerDuration":5,"created":1534403657190,"custom":"{\"rescheduleEnabled\":true,\"cancelEnabled\":true,\"emails\":\"\",\"hisId\":\"\",\"notesFieldEnabled\":false,\"infoText\":\"\",\"servicenametranslations\":[]}","name":"Bewijs
        van in leven zijn","active":true,"updated":1534403701634,"publicId":"Bewijs_van_in_leven_zijn"},{"duration":15,"publicEnabled":true,"additionalCustomerDuration":15,"created":1534404088188,"custom":"{\"rescheduleEnabled\":true,\"cancelEnabled\":true,\"emails\":\"\",\"hisId\":\"\",\"notesFieldEnabled\":false,\"infoText\":\"\",\"servicenametranslations\":[]}","name":"Buitenlands
        rijbewijs omwisselen","active":true,"updated":1560427642027,"publicId":"Buitenlands_rijbewijs_omwisselen"},{"duration":10,"publicEnabled":true,"additionalCustomerDuration":5,"created":1448449772077,"custom":"{\"rescheduleEnabled\":true,\"cancelEnabled\":true,\"emails\":\"\",\"hisId\":\"\",\"notesFieldEnabled\":false,\"infoText\":\"\",\"servicenametranslations\":[]}","name":"Document
        kwijt of gestolen","active":true,"updated":1566306593359,"publicId":"Document_kwijt_of_gestolen"},{"duration":15,"publicEnabled":true,"additionalCustomerDuration":15,"created":1448449772818,"custom":"{\"rescheduleEnabled\":true,\"cancelEnabled\":true,\"emails\":\"\",\"hisId\":\"\",\"notesFieldEnabled\":false,\"infoText\":\"\",\"servicenametranslations\":[]}","name":"Erkennen
        kind","active":true,"updated":1534409161819,"publicId":"Erkennen_kind"},{"duration":5,"publicEnabled":true,"additionalCustomerDuration":5,"created":1448449772587,"custom":"{\"rescheduleEnabled\":true,\"cancelEnabled\":true,\"emails\":\"\",\"hisId\":\"\",\"notesFieldEnabled\":false,\"infoText\":\"\",\"servicenametranslations\":[]}","name":"Garantstelling
        of logiesverstrekking","active":true,"updated":1534412272564,"publicId":"Garantstelling_of_logiesverstrekking"},{"duration":15,"publicEnabled":true,"additionalCustomerDuration":15,"created":1448449772872,"custom":"{\"rescheduleEnabled\":true,\"cancelEnabled\":true,\"emails\":\"\",\"hisId\":\"\",\"notesFieldEnabled\":false,\"infoText\":\"\",\"servicenametranslations\":[]}","name":"Geboorteaangifte","active":true,"updated":1534409161824,"publicId":"Geboorteaangifte"},{"duration":5,"publicEnabled":true,"additionalCustomerDuration":5,"created":1448449772418,"custom":"{\"rescheduleEnabled\":true,\"cancelEnabled\":true,\"emails\":\"\",\"hisId\":\"\",\"notesFieldEnabled\":false,\"infoText\":\"\",\"servicenametranslations\":[]}","name":"Huisvestingsvergunning","active":true,"updated":1534404636656,"publicId":"Huisvestingsvergunning"},{"duration":10,"publicEnabled":true,"additionalCustomerDuration":5,"created":1448449772714,"custom":"{\"rescheduleEnabled\":true,\"cancelEnabled\":true,\"emails\":\"\",\"hisId\":\"\",\"notesFieldEnabled\":false,\"infoText\":\"\",\"servicenametranslations\":[]}","name":"Identiteitskaart","active":true,"updated":1566306566387,"publicId":"Identiteitskaart"},{"duration":5,"publicEnabled":true,"additionalCustomerDuration":5,"created":1448449772544,"custom":"{\"rescheduleEnabled\":true,\"cancelEnabled\":true,\"emails\":\"\",\"hisId\":\"\",\"notesFieldEnabled\":false,\"infoText\":\"\",\"servicenametranslations\":[]}","name":"Legaliseren
        handtekening","active":true,"updated":1534409161794,"publicId":"Legaliseren_handtekening"},{"duration":10,"publicEnabled":true,"additionalCustomerDuration":5,"created":1448449772755,"custom":"{\"rescheduleEnabled\":true,\"cancelEnabled\":true,\"emails\":\"\",\"hisId\":\"\",\"notesFieldEnabled\":false,\"infoText\":\"\",\"servicenametranslations\":[]}","name":"Paspoort","active":true,"updated":1566306540888,"publicId":"Paspoort"},{"duration":10,"publicEnabled":true,"additionalCustomerDuration":5,"created":1518430338107,"custom":"{\"rescheduleEnabled\":true,\"cancelEnabled\":true,\"emails\":\"\",\"hisId\":\"\",\"notesFieldEnabled\":false,\"infoText\":\"\",\"servicenametranslations\":[]}","name":"Paspoort
        voor vluchteling","active":true,"updated":1566306547721,"publicId":"Paspoort_voor_vluchteling"},{"duration":30,"publicEnabled":true,"additionalCustomerDuration":30,"created":1518430338076,"custom":"{\"rescheduleEnabled\":true,\"cancelEnabled\":true,\"emails\":\"\",\"hisId\":\"\",\"notesFieldEnabled\":false,\"infoText\":\"\",\"servicenametranslations\":[]}","name":"Paspoort
        voor vreemdeling","active":true,"updated":1684307975926,"publicId":"Paspoort_voor_vreemdeling"},{"duration":5,"publicEnabled":true,"additionalCustomerDuration":5,"created":1448449772742,"custom":"{\"rescheduleEnabled\":true,\"cancelEnabled\":true,\"emails\":\"\",\"hisId\":\"\",\"notesFieldEnabled\":false,\"infoText\":\"\",\"servicenametranslations\":[]}","name":"Rijbewijs","active":true,"updated":1534409161809,"publicId":"Rijbewijs"},{"duration":5,"publicEnabled":true,"additionalCustomerDuration":5,"created":1534233898822,"custom":"{\"rescheduleEnabled\":true,\"cancelEnabled\":true,\"emails\":\"\",\"hisId\":\"\",\"notesFieldEnabled\":false,\"infoText\":\"\",\"servicenametranslations\":[]}","name":"Uittreksel
        Basisregistratie Personen","active":true,"updated":1685447866356,"publicId":"BRP"},{"duration":10,"publicEnabled":true,"additionalCustomerDuration":10,"created":1534233898788,"custom":"{\"rescheduleEnabled\":true,\"cancelEnabled\":true,\"emails\":\"\",\"hisId\":\"\",\"notesFieldEnabled\":false,\"infoText\":\"\",\"servicenametranslations\":[]}","name":"Uittreksel
        burgerlijke stand aanvragen","active":true,"updated":1685447872945,"publicId":"BS"},{"duration":10,"publicEnabled":true,"additionalCustomerDuration":10,"created":1448449772115,"custom":"{\"rescheduleEnabled\":true,\"cancelEnabled\":true,\"emails\":\"\",\"hisId\":\"\",\"notesFieldEnabled\":false,\"infoText\":\"\",\"servicenametranslations\":[]}","name":"Verklaring
        omtrent gedrag","active":true,"updated":1540980961328,"publicId":"Verklaring_omtrent_gedrag"},{"duration":10,"publicEnabled":true,"additionalCustomerDuration":10,"created":1534405511918,"custom":"{\"rescheduleEnabled\":true,\"cancelEnabled\":true,\"emails\":\"\",\"hisId\":\"\",\"notesFieldEnabled\":false,\"infoText\":\"\",\"servicenametranslations\":[]}","name":"Vertrek
        naar buitenland","active":true,"updated":1534409161859,"publicId":"Vertrek_naar_buitenland"}],"notifications":[]}'
    headers:
      Access-Control-Expose-Headers:
      - error_code, error_message
      Cache-Control:
      - no-store, no-cache, max-age=0, must-revalidate
      - no-cache
      Connection:
      - keep-alive
      Content-Encoding:
      - gzip
      Content-Length:
      - '996'
      Content-Security-Policy:
      - 'default-src *; style-src * ''unsafe-inline''; script-src * ''unsafe-inline''
        ''unsafe-eval''; img-src * data: ''unsafe-inline''; connect-src * ''unsafe-inline'';
        frame-src *;'
      Content-Type:
      - application/json
      Date:
      - Wed, 04 Oct 2023 09:41:03 GMT
      Keep-Alive:
      - timeout=60
      Server:
      - Layer7-API-Gateway
      Strict-Transport-Security:
      - max-age=31536000; includeSubDomains
      X-Content-Type-Options:
      - nosniff
      X-Frame-Options:
      - SAMEORIGIN
      X-XSS-Protection:
      - 1; mode=block
    status:
      code: 200
      message: ''
- request:
    body: null
    headers:
      Accept:
      - '*/*'
      Accept-Encoding:
      - gzip, deflate
      Connection:
      - keep-alive
      Content-Type:
      - application/json
      User-Agent:
      - python-requests/2.31.0
    method: GET
    uri: http://localhost:8080/qmatic/calendar-backend/public/api/v1/branches/f19fa2030bd653d429c42772209ba60cdcb60c5f1fa18a95c4d72b250a1c5f58
  response:
    body:
      string: '{"meta":{"start":"","end":"","totalResults":1,"offset":null,"limit":null,"fields":"","arguments":{}},"branch":{"addressCountry":null,"addressZip":"2264
        BM","created":1445417803528,"latitude":52.085235412737326,"custom":null,"timeZone":"Europe/Amsterdam","addressState":null,"phone":"14
        070","name":"KCC","addressLine1":"Kon. Wilhelminalaan 2","addressLine2":null,"fullTimeZone":"Europe/Amsterdam","updated":1534410592257,"publicId":"f19fa2030bd653d429c42772209ba60cdcb60c5f1fa18a95c4d72b250a1c5f58","branchPrefix":null,"email":"info@leidschendam-voorburg.nl","addressCity":"Leidschendam","longitude":4.393964889317601},"notifications":[]}'
    headers:
      Access-Control-Expose-Headers:
      - error_code, error_message
      Cache-Control:
      - no-store, no-cache, max-age=0, must-revalidate
      - no-cache
      Connection:
      - keep-alive
      Content-Encoding:
      - gzip
      Content-Length:
      - '407'
      Content-Security-Policy:
      - 'default-src *; style-src * ''unsafe-inline''; script-src * ''unsafe-inline''
        ''unsafe-eval''; img-src * data: ''unsafe-inline''; connect-src * ''unsafe-inline'';
        frame-src *;'
      Content-Type:
      - application/json
      Date:
      - Wed, 04 Oct 2023 09:41:03 GMT
      Keep-Alive:
      - timeout=60
      Server:
      - Layer7-API-Gateway
      Strict-Transport-Security:
      - max-age=31536000; includeSubDomains
      X-Content-Type-Options:
      - nosniff
      X-Frame-Options:
      - SAMEORIGIN
      X-XSS-Protection:
      - 1; mode=block
    status:
      code: 200
      message: ''
- request:
    body: null
    headers:
      Accept:
      - '*/*'
      Accept-Encoding:
      - gzip, deflate
      Connection:
      - keep-alive
      Content-Type:
      - application/json
      User-Agent:
      - python-requests/2.31.0
    method: GET
    uri: http://localhost:8080/qmatic/calendar-backend/public/api/v2/branches/f19fa2030bd653d429c42772209ba60cdcb60c5f1fa18a95c4d72b250a1c5f58/dates/2023-10-23/times;servicePublicId=Identiteitskaart;numberOfCustomers=998
  response:
    body:
      string: '{"times":[],"meta":{"start":"","end":"","totalResults":0,"offset":null,"limit":null,"fields":"","arguments":{"numberOfCustomers":"[998]","servicePublicId":"[Identiteitskaart]"}},"notifications":[]}'
    headers:
      Access-Control-Expose-Headers:
      - error_code, error_message
      Cache-Control:
      - no-store, no-cache, max-age=0, must-revalidate
      - no-cache
      Connection:
      - keep-alive
      Content-Encoding:
      - gzip
      Content-Length:
      - '163'
      Content-Security-Policy:
      - 'default-src *; style-src * ''unsafe-inline''; script-src * ''unsafe-inline''
        ''unsafe-eval''; img-src * data: ''unsafe-inline''; connect-src * ''unsafe-inline'';
        frame-src *;'
      Content-Type:
      - application/json
      Date:
      - Wed, 04 Oct 2023 09:41:04 GMT
      Keep-Alive:
      - timeout=60
      Server:
      - Layer7-API-Gateway
      Strict-Transport-Security:
      - max-age=31536000; includeSubDomains
      X-Content-Type-Options:
      - nosniff
      X-Frame-Options:
      - SAMEORIGIN
      X-XSS-Protection:
      - 1; mode=block
    status:
      code: 200
      message: ''
- request:
    body: null
    headers:
      Accept:
      - '*/*'
      Accept-Encoding:
      - gzip, deflate
      Connection:
      - keep-alive
      Content-Type:
      - application/json
      User-Agent:
      - python-requests/2.31.0
    method: GET
    uri: http://localhost:8080/qmatic/calendar-backend/public/api/v1/branches/f19fa2030bd653d429c42772209ba60cdcb60c5f1fa18a95c4d72b250a1c5f58
  response:
    body:
      string: '{"meta":{"start":"","end":"","totalResults":1,"offset":null,"limit":null,"fields":"","arguments":{}},"branch":{"addressCountry":null,"addressZip":"2264
        BM","created":1445417803528,"latitude":52.085235412737326,"custom":null,"timeZone":"Europe/Amsterdam","addressState":null,"phone":"14
        070","name":"KCC","addressLine1":"Kon. Wilhelminalaan 2","addressLine2":null,"fullTimeZone":"Europe/Amsterdam","updated":1534410592257,"publicId":"f19fa2030bd653d429c42772209ba60cdcb60c5f1fa18a95c4d72b250a1c5f58","branchPrefix":null,"email":"info@leidschendam-voorburg.nl","addressCity":"Leidschendam","longitude":4.393964889317601},"notifications":[]}'
    headers:
      Access-Control-Expose-Headers:
      - error_code, error_message
      Cache-Control:
      - no-store, no-cache, max-age=0, must-revalidate
      - no-cache
      Connection:
      - keep-alive
      Content-Encoding:
      - gzip
      Content-Length:
      - '407'
      Content-Security-Policy:
      - 'default-src *; style-src * ''unsafe-inline''; script-src * ''unsafe-inline''
        ''unsafe-eval''; img-src * data: ''unsafe-inline''; connect-src * ''unsafe-inline'';
        frame-src *;'
      Content-Type:
      - application/json
      Date:
      - Wed, 04 Oct 2023 09:41:04 GMT
      Keep-Alive:
      - timeout=60
      Server:
      - Layer7-API-Gateway
      Strict-Transport-Security:
      - max-age=31536000; includeSubDomains
      X-Content-Type-Options:
      - nosniff
      X-Frame-Options:
      - SAMEORIGIN
      X-XSS-Protection:
      - 1; mode=block
    status:
      code: 200
      message: ''
- request:
    body: null
    headers:
      Accept:
      - '*/*'
      Accept-Encoding:
      - gzip, deflate
      Connection:
      - keep-alive
      Content-Type:
      - application/json
      User-Agent:
      - python-requests/2.31.0
    method: GET
    uri: http://localhost:8080/qmatic/calendar-backend/public/api/v2/branches/f19fa2030bd653d429c42772209ba60cdcb60c5f1fa18a95c4d72b250a1c5f58/dates/2023-10-23/times;servicePublicId=Identiteitskaart;numberOfCustomers=998
  response:
    body:
      string: '{"times":[],"meta":{"start":"","end":"","totalResults":0,"offset":null,"limit":null,"fields":"","arguments":{"numberOfCustomers":"[998]","servicePublicId":"[Identiteitskaart]"}},"notifications":[]}'
    headers:
      Access-Control-Expose-Headers:
      - error_code, error_message
      Cache-Control:
      - no-store, no-cache, max-age=0, must-revalidate
      - no-cache
      Connection:
      - keep-alive
      Content-Encoding:
      - gzip
      Content-Length:
      - '163'
      Content-Security-Policy:
      - 'default-src *; style-src * ''unsafe-inline''; script-src * ''unsafe-inline''
        ''unsafe-eval''; img-src * data: ''unsafe-inline''; connect-src * ''unsafe-inline'';
        frame-src *;'
      Content-Type:
      - application/json
      Date:
      - Wed, 04 Oct 2023 09:41:04 GMT
      Keep-Alive:
      - timeout=60
      Server:
      - Layer7-API-Gateway
      Strict-Transport-Security:
      - max-age=31536000; includeSubDomains
      X-Content-Type-Options:
      - nosniff
      X-Frame-Options:
      - SAMEORIGIN
      X-XSS-Protection:
      - 1; mode=block
    status:
      code: 200
      message: ''
version: 1
