interactions:
- request:
    body: '{"informatieobjecttype": "http://localhost:8003/catalogi/api/v1/informatieobjecttypen/7a474713-0833-402a-8441-e467c08ac55b",
      "bronorganisatie": "000000000", "creatiedatum": "2025-07-01", "titel": "Form
      023", "auteur": "Aanvrager", "taal": "eng", "formaat": "application/pdf", "inhoud":
      "", "status": "definitief", "bestandsnaam": "open-forms-Form 023.pdf", "ontvangstdatum":
      null, "beschrijving": "Ingezonden formulier", "indicatieGebruiksrecht": false,
      "bestandsomvang": 0}'
    headers:
      Accept:
      - '*/*'
      Accept-Encoding:
      - gzip, deflate, br
      Authorization:
      - Bearer eyJhbGciOiJIUzI1NiIsInR5cCI6IkpXVCJ9.eyJpc3MiOiJ0ZXN0X2NsaWVudF9pZCIsImlhdCI6MTc1MTM1ODc4OSwiZXhwIjoxNzUxNDAxOTg5LCJjbGllbnRfaWQiOiJ0ZXN0X2NsaWVudF9pZCIsInVzZXJfaWQiOiIiLCJ1c2VyX3JlcHJlc2VudGF0aW9uIjoiIn0.MFruXi5PAdhVNDoy-es9ncNI888C75it2qIKmL_ASi0
      Connection:
      - keep-alive
      Content-Length:
      - '474'
      Content-Type:
      - application/json
      User-Agent:
      - python-requests/2.32.4
    method: POST
    uri: http://localhost:8003/documenten/api/v1/enkelvoudiginformatieobjecten
  response:
    body:
      string: '{"url":"http://localhost:8003/documenten/api/v1/enkelvoudiginformatieobjecten/5c7beb01-1a56-4788-bb7a-c12788605d92","identificatie":"DOCUMENT-2025-0000000365","bronorganisatie":"000000000","creatiedatum":"2025-07-01","titel":"Form
        023","vertrouwelijkheidaanduiding":"openbaar","auteur":"Aanvrager","status":"definitief","formaat":"application/pdf","taal":"eng","versie":1,"beginRegistratie":"2025-07-01T08:33:09.423286Z","bestandsnaam":"open-forms-Form
        023.pdf","inhoud":"http://localhost:8003/documenten/api/v1/enkelvoudiginformatieobjecten/5c7beb01-1a56-4788-bb7a-c12788605d92/download?versie=1","bestandsomvang":0,"link":"","beschrijving":"Ingezonden
        formulier","ontvangstdatum":null,"verzenddatum":null,"indicatieGebruiksrecht":false,"verschijningsvorm":"","ondertekening":{"soort":"","datum":null},"integriteit":{"algoritme":"","waarde":"","datum":null},"informatieobjecttype":"http://localhost:8003/catalogi/api/v1/informatieobjecttypen/7a474713-0833-402a-8441-e467c08ac55b","locked":false,"bestandsdelen":[],"trefwoorden":[],"lock":""}'
    headers:
      API-version:
      - 1.4.2
      Allow:
      - GET, POST, HEAD, OPTIONS
      Content-Length:
      - '1042'
      Content-Type:
      - application/json
      Cross-Origin-Opener-Policy:
      - same-origin
      Location:
      - http://localhost:8003/documenten/api/v1/enkelvoudiginformatieobjecten/5c7beb01-1a56-4788-bb7a-c12788605d92
      Referrer-Policy:
      - same-origin
      Vary:
      - origin
      X-Content-Type-Options:
      - nosniff
      X-Frame-Options:
      - DENY
    status:
      code: 201
      message: Created
- request:
    body: null
    headers:
      Accept:
      - '*/*'
      Accept-Encoding:
      - gzip, deflate, br
      Authorization:
      - Token 171be5abaf41e7856b423ad513df1ef8f867ff48
      Connection:
      - keep-alive
      User-Agent:
      - python-requests/2.32.4
    method: GET
    uri: http://localhost:8001/api/v2/objecttypes/8faed0fa-7864-4409-aa6d-533a37616a9e
  response:
    body:
      string: '{"url":"http://objecttypes-web:8000/api/v2/objecttypes/8faed0fa-7864-4409-aa6d-533a37616a9e","uuid":"8faed0fa-7864-4409-aa6d-533a37616a9e","name":"Accepts
        everything","namePlural":"Accepts everything","description":"","dataClassification":"open","maintainerOrganization":"","maintainerDepartment":"","contactPerson":"","contactEmail":"","source":"","updateFrequency":"unknown","providerOrganization":"","documentationUrl":"","labels":{},"createdAt":"2024-07-22","modifiedAt":"2024-07-22","allowGeometry":true,"versions":["http://objecttypes-web:8000/api/v2/objecttypes/8faed0fa-7864-4409-aa6d-533a37616a9e/versions/1"]}'
    headers:
      Allow:
      - GET, PUT, PATCH, DELETE, HEAD, OPTIONS
      Connection:
      - keep-alive
      Content-Length:
      - '619'
      Content-Type:
      - application/json
      Cross-Origin-Opener-Policy:
      - same-origin
      Date:
      - Tue, 01 Jul 2025 08:33:09 GMT
      Referrer-Policy:
      - same-origin
      Server:
      - nginx/1.27.4
      Vary:
      - origin
      X-Content-Type-Options:
      - nosniff
      X-Frame-Options:
      - DENY
    status:
      code: 200
      message: OK
- request:
    body: '{"type": "http://objecttypes-web:8000/api/v2/objecttypes/8faed0fa-7864-4409-aa6d-533a37616a9e",
      "record": {"typeVersion": 1, "data": {"summary": {"test-slug": {"voornaam":
      "&lt;script&gt;alert();&lt;/script&gt;"}}, "manual_variable": "&lt;script&gt;alert();&lt;/script&gt;"},
      "startAt": "2025-07-01"}}'
    headers:
      Accept:
      - '*/*'
      Accept-Encoding:
      - gzip, deflate, br
      Authorization:
      - Token 7657474c3d75f56ae0abd0d1bf7994b09964dca9
      Connection:
      - keep-alive
      Content-Crs:
      - EPSG:4326
      Content-Length:
      - '301'
      Content-Type:
      - application/json
      User-Agent:
      - python-requests/2.32.4
    method: POST
    uri: http://localhost:8002/api/v2/objects
  response:
    body:
      string: '{"url":"http://objects-web:8000/api/v2/objects/80e48590-6a59-4920-9e35-c9a0ddf19442","uuid":"80e48590-6a59-4920-9e35-c9a0ddf19442","type":"http://objecttypes-web:8000/api/v2/objecttypes/8faed0fa-7864-4409-aa6d-533a37616a9e","record":{"index":1,"typeVersion":1,"data":{"summary":{"test-slug":{"voornaam":"&lt;script&gt;alert();&lt;/script&gt;"}},"manual_variable":"&lt;script&gt;alert();&lt;/script&gt;"},"geometry":null,"startAt":"2025-07-01","endAt":null,"registrationAt":"2025-07-01","correctionFor":null,"correctedBy":null}}'
    headers:
      Allow:
      - GET, POST, HEAD, OPTIONS
      Connection:
      - keep-alive
      Content-Crs:
      - EPSG:4326
      Content-Length:
      - '527'
      Content-Type:
      - application/json
      Cross-Origin-Opener-Policy:
      - same-origin
      Date:
      - Tue, 01 Jul 2025 08:33:09 GMT
      Location:
      - http://localhost:8002/api/v2/objects/80e48590-6a59-4920-9e35-c9a0ddf19442
      Referrer-Policy:
      - same-origin
      Server:
      - nginx/1.27.4
      Vary:
      - origin
      X-Content-Type-Options:
      - nosniff
      X-Frame-Options:
      - DENY
    status:
      code: 201
      message: Created
version: 1
